[preview.colorlib.com/theme/aranoz/index.html]
[backblue.gif]
[fade.gif]
[index.html]
[preview.colorlib.com/theme/aranoz/img/xfavicon.png.pagespeed.ic.pBryiaU2YA.png]
[preview.colorlib.com/theme/aranoz/css/bootstrap.min.css+animate.css+owl.carousel.min.css+all.css+flaticon.css+themify-icons.css+magnific-popup.css+slick.css.pagespeed.cc.dmdW2yxl94.css]
[preview.colorlib.com/theme/aranoz/css/A.style.css.pagespeed.cf.ZaQ6zsBcp1.css]
[preview.colorlib.com/theme/aranoz/index-2.html]
[preview.colorlib.com/theme/aranoz/img/xlogo.png.pagespeed.ic.zI2SKI010u.png]
[preview.colorlib.com/theme/aranoz/blog.html]
[preview.colorlib.com/theme/aranoz/category.html]
[preview.colorlib.com/theme/aranoz/single-product.html]
[preview.colorlib.com/theme/aranoz/login.html]
[preview.colorlib.com/theme/aranoz/tracking.html]
[preview.colorlib.com/theme/aranoz/checkout.html]
[preview.colorlib.com/theme/aranoz/cart.html]
[preview.colorlib.com/theme/aranoz/confirmation.html]
[preview.colorlib.com/theme/aranoz/elements.html]
[preview.colorlib.com/theme/aranoz/single-blog.html]
[preview.colorlib.com/theme/aranoz/contact.html]
[preview.colorlib.com/theme/aranoz/img/xbanner_img.png.pagespeed.ic.jACwZhtrZ3.png]
[preview.colorlib.com/theme/aranoz/img/feature/xfeature_1.png.pagespeed.ic.7KpwcSnSPx.png]
[preview.colorlib.com/theme/aranoz/img/feature/xfeature_2.png.pagespeed.ic.MtwJ8IRpvL.png]
[preview.colorlib.com/theme/aranoz/img/feature/xfeature_3.png.pagespeed.ic.V0w2I06NUD.png]
[preview.colorlib.com/theme/aranoz/img/feature/xfeature_4.png.pagespeed.ic.8h6o7ZduQk.png]
[preview.colorlib.com/theme/aranoz/img/product/xproduct_1.png.pagespeed.ic.zcUuYW5UEY.png]
[preview.colorlib.com/theme/aranoz/img/product/xproduct_2.png.pagespeed.ic.o70ZeeStwq.png]
[preview.colorlib.com/theme/aranoz/img/product/xproduct_3.png.pagespeed.ic.c35V289i18.png]
[preview.colorlib.com/theme/aranoz/img/product/xproduct_4.png.pagespeed.ic.kIabirvgae.png]
[preview.colorlib.com/theme/aranoz/img/product/xproduct_5.png.pagespeed.ic.i9PyC8Y1TR.png]
[preview.colorlib.com/theme/aranoz/img/product/xproduct_6.png.pagespeed.ic.zcUuYW5UEY.png]
[preview.colorlib.com/theme/aranoz/img/product/xproduct_7.png.pagespeed.ic.rnieT7kDrD.png]
[preview.colorlib.com/theme/aranoz/img/product/xproduct_8.png.pagespeed.ic.c_yTDNfIir.png]
[preview.colorlib.com/theme/aranoz/img/xoffer_img.png.pagespeed.ic.Z2WCxqoPMC.png]
[preview.colorlib.com/theme/aranoz/img/client_logo/xclient_logo_1.png.pagespeed.ic.k13XFWCmRf.png]
[preview.colorlib.com/theme/aranoz/img/client_logo/xclient_logo_2.png.pagespeed.ic.uepJbkHuUu.png]
[preview.colorlib.com/theme/aranoz/img/client_logo/xclient_logo_3.png.pagespeed.ic.H_uUuAbgZe.png]
[preview.colorlib.com/theme/aranoz/img/client_logo/xclient_logo_4.png.pagespeed.ic.O3G1tmH6rK.png]
[preview.colorlib.com/theme/aranoz/img/client_logo/xclient_logo_5.png.pagespeed.ic.Sjf57fWucp.png]
[preview.colorlib.com/theme/aranoz/js/jquery-1.12.1.min.js]
[preview.colorlib.com/theme/aranoz/js/popper.min.js+bootstrap.min.js.pagespeed.jc.i78k19mshX.js]
[preview.colorlib.com/theme/aranoz/js/jquery.magnific-popup.js]
[preview.colorlib.com/theme/aranoz/js/swiper.min.js]
[preview.colorlib.com/theme/aranoz/js/masonry.pkgd.js]
[preview.colorlib.com/theme/aranoz/js/owl.carousel.min.js+jquery.nice-select.min.js+slick.min.js+jquery.counterup.min.js+waypoints.min.js.pagespeed.jc.I5OJqcvoDe.js]
[preview.colorlib.com/theme/aranoz/js/contact.js+jquery.ajaxchimp.min.js+jquery.form.js+jquery.validate.min.js+mail-script.js+custom.js.pagespeed.jc.ntpiCA2YNB.js]
[preview.colorlib.com/theme/aranoz/index.html]
[preview.colorlib.com/theme/aranoz/webfonts/fa-brands-400.eot]
[preview.colorlib.com/theme/aranoz/webfonts/fa-brands-400d41d.eot]
[preview.colorlib.com/theme/aranoz/webfonts/fa-brands-400.woff2]
[preview.colorlib.com/theme/aranoz/webfonts/fa-brands-400.woff]
[preview.colorlib.com/theme/aranoz/webfonts/fa-brands-400.ttf]
[preview.colorlib.com/theme/aranoz/webfonts/fa-brands-400.svg]
[preview.colorlib.com/theme/aranoz/webfonts/fa-regular-400.eot]
[preview.colorlib.com/theme/aranoz/webfonts/fa-regular-400d41d.eot]
[preview.colorlib.com/theme/aranoz/webfonts/fa-regular-400.woff2]
[preview.colorlib.com/theme/aranoz/webfonts/fa-regular-400.woff]
[preview.colorlib.com/theme/aranoz/webfonts/fa-regular-400.ttf]
[preview.colorlib.com/theme/aranoz/webfonts/fa-regular-400.svg]
[preview.colorlib.com/theme/aranoz/webfonts/fa-solid-900.eot]
[preview.colorlib.com/theme/aranoz/webfonts/fa-solid-900.woff2]
[preview.colorlib.com/theme/aranoz/webfonts/fa-solid-900d41d.eot]
[preview.colorlib.com/theme/aranoz/webfonts/fa-solid-900.woff]
[preview.colorlib.com/theme/aranoz/webfonts/fa-solid-900.ttf]
[preview.colorlib.com/theme/aranoz/fonts/Flaticon.eot]
[preview.colorlib.com/theme/aranoz/webfonts/fa-solid-900.svg]
[preview.colorlib.com/theme/aranoz/fonts/Flaticond41d.eot]
[preview.colorlib.com/theme/aranoz/fonts/Flaticon.woff2]
[preview.colorlib.com/theme/aranoz/fonts/Flaticon.woff]
[preview.colorlib.com/theme/aranoz/fonts/Flaticon.ttf]
[preview.colorlib.com/theme/aranoz/fonts/Flaticon.svg]
[preview.colorlib.com/theme/aranoz/css/Flaticon.svg]
[preview.colorlib.com/theme/aranoz/fonts/themify9f24.eot]
[preview.colorlib.com/theme/aranoz/fonts/themifyd41d.eot]
[preview.colorlib.com/theme/aranoz/fonts/themify9f24.woff]
[preview.colorlib.com/theme/aranoz/fonts/themify9f24.ttf]
[preview.colorlib.com/theme/aranoz/css/bootstrap.min.css+animate.css+owl.carousel.min.css+all.css+flaticon.css+themify-icons.css+magnific-popup.css+slick.css.pagespeed.cc.dmdW2yxl94.css]
[preview.colorlib.com/theme/aranoz/fonts/themify9f24.svg]
[preview.colorlib.com/theme/aranoz/img/subscribe_area.png]
[preview.colorlib.com/theme/aranoz/img/elements/primary-check.png]
[preview.colorlib.com/theme/aranoz/img/elements/success-check.png]
[preview.colorlib.com/theme/aranoz/img/elements/disabled-check.png]
[preview.colorlib.com/theme/aranoz/img/elements/primary-radio.png]
[preview.colorlib.com/theme/aranoz/img/elements/success-radio.png]
[preview.colorlib.com/theme/aranoz/img/elements/disabled-radio.png]
[preview.colorlib.com/theme/aranoz/img/breadcrumb.png]
[preview.colorlib.com/theme/aranoz/css/A.style.css.pagespeed.cf.ZaQ6zsBcp1.css]
[preview.colorlib.com/theme/aranoz/index-2.html]
[preview.colorlib.com/theme/aranoz/img/blog/single_blog_1.png]
[preview.colorlib.com/theme/aranoz/css/A.bootstrap.min.css+animate.css+owl.carousel.min.css+all.css+flaticon.css+themify-icons.css+magnific-popup.css+slick.css,Mcc.dmdW2yxl94.css.pagespeed.cf.NTwSLh0HTm.52.delaye]
[preview.colorlib.com/theme/aranoz/img/blog/single_blog_2.png]
[preview.colorlib.com/theme/aranoz/img/blog/single_blog_3.png]
[preview.colorlib.com/theme/aranoz/img/blog/single_blog_4.png]
[preview.colorlib.com/theme/aranoz/img/blog/single_blog_5.png]
[preview.colorlib.com/theme/aranoz/img/post/post_1.png]
[preview.colorlib.com/theme/aranoz/img/post/post_2.png]
[preview.colorlib.com/theme/aranoz/img/post/post_3.png]
[preview.colorlib.com/theme/aranoz/img/post/post_4.png]
[preview.colorlib.com/theme/aranoz/img/post/post_5.png]
[preview.colorlib.com/theme/aranoz/img/post/post_6.png]
[preview.colorlib.com/theme/aranoz/img/post/post_7.png]
[preview.colorlib.com/theme/aranoz/img/post/post_8.png]
[preview.colorlib.com/theme/aranoz/img/post/post_9.png]
[preview.colorlib.com/theme/aranoz/img/post/post_10.png]
[preview.colorlib.com/theme/aranoz/blog.html]
[preview.colorlib.com/theme/aranoz/js/contact.js+jquery.ajaxchimp.min.js+jquery.form.js+jquery.validate.min.js+mail-script.js+stellar.js.pagespeed.jc.wQGTBhEYqh.js]
[preview.colorlib.com/theme/aranoz/css/bootstrap.min.css+animate.css+owl.carousel.min.css+nice-select.css+all.css+flaticon.css+themify-icons.css+magnific-popup.css+slick.css+price_rangs.css.pagespeed.cc.meWtd1eaC]
[preview.colorlib.com/theme/aranoz/js/price_rangs.js]
[preview.colorlib.com/theme/aranoz/category.html]
[preview.colorlib.com/theme/aranoz/js/custom.js]
[preview.colorlib.com/theme/aranoz/css/bootstrap.min.css+animate.css+owl.carousel.min.css+lightslider.min.css+all.css+flaticon.css+themify-icons.css+magnific-popup.css.pagespeed.cc.eQx-GvsxhO.css]
[preview.colorlib.com/theme/aranoz/img/product/single-product/product_1.png]
[preview.colorlib.com/theme/aranoz/img/product/single-product/review-1.png]
[preview.colorlib.com/theme/aranoz/img/product/single-product/review-2.png]
[preview.colorlib.com/theme/aranoz/img/product/single-product/review-3.png]
[preview.colorlib.com/theme/aranoz/js/jquery.magnific-popup.js+lightslider.min.js.pagespeed.jc.EifTUdbVIp.js]
[preview.colorlib.com/theme/aranoz/js/owl.carousel.min.js+jquery.nice-select.min.js+slick.min.js.pagespeed.jc.S0ajHNG0Mi.js]
[preview.colorlib.com/theme/aranoz/js/swiper.jquery.js]
[preview.colorlib.com/theme/aranoz/js/jquery.counterup.min.js+waypoints.min.js+contact.js+jquery.ajaxchimp.min.js+jquery.form.js+jquery.validate.min.js+mail-script.js.pagespeed.jc.dR7sis3Yhh.js]
[preview.colorlib.com/theme/aranoz/single-product.html]
[preview.colorlib.com/theme/aranoz/login.html]
[preview.colorlib.com/theme/aranoz/tracking.html]
[preview.colorlib.com/theme/aranoz/js/stellar.js+theme.js+custom.js.pagespeed.jc.Zyclm4vTsq.js]
[preview.colorlib.com/theme/aranoz/css/A.bootstrap.min.css+animate.css+owl.carousel.min.css+nice-select.css+all.css+flaticon.css+themify-icons.css+magnific-popup.css+slick.css+price_rangs.css,Mcc.meWtd1eaC7.css.p]
[preview.colorlib.com/theme/aranoz/img/product/single-product/xcard.jpg.pagespeed.ic.0xGhW8Sk91.jpg]
[preview.colorlib.com/theme/aranoz/checkout.html]
[preview.colorlib.com/theme/aranoz/img/product/single-product/xcart-1.jpg.pagespeed.ic.M1fny95-wj.jpg]
[preview.colorlib.com/theme/aranoz/cart.html]
[preview.colorlib.com/theme/aranoz/confirmation.html]
[preview.colorlib.com/theme/aranoz/css/bootstrap.min.css+animate.css+owl.carousel.min.css+all.css+flaticon.css+themify-icons.css+nice-select.css+magnific-popup.css+slick.css.pagespeed.cc.WAjs_urC90.css]
[preview.colorlib.com/theme/aranoz/img/elements/d.jpg]
[preview.colorlib.com/theme/aranoz/img/elements/f1.jpg]
[preview.colorlib.com/theme/aranoz/img/elements/f2.jpg]
[preview.colorlib.com/theme/aranoz/img/elements/f3.jpg]
[preview.colorlib.com/theme/aranoz/img/elements/f4.jpg]
[preview.colorlib.com/theme/aranoz/img/elements/f5.jpg]
[preview.colorlib.com/theme/aranoz/img/elements/f6.jpg]
[preview.colorlib.com/theme/aranoz/img/elements/f7.jpg]
[preview.colorlib.com/theme/aranoz/img/elements/f8.jpg]
[preview.colorlib.com/theme/aranoz/img/elements/g1.jpg]
[preview.colorlib.com/theme/aranoz/img/elements/g2.jpg]
[preview.colorlib.com/theme/aranoz/img/elements/g3.jpg]
[preview.colorlib.com/theme/aranoz/img/elements/g4.jpg]
[preview.colorlib.com/theme/aranoz/img/elements/g5.jpg]
[preview.colorlib.com/theme/aranoz/img/elements/g6.jpg]
[preview.colorlib.com/theme/aranoz/img/elements/g7.jpg]
[preview.colorlib.com/theme/aranoz/img/elements/g8.jpg]
[preview.colorlib.com/theme/aranoz/img/footer_logo.png]
[preview.colorlib.com/theme/aranoz/elements.html]
[preview.colorlib.com/cdn-cgi/scripts/5c5dd728/cloudflare-static/email-decode.min.js]
[preview.colorlib.com/theme/aranoz/img/blog/xsingle_blog_1.png.pagespeed.ic.Fwk-gqJS2v.jpg]
[preview.colorlib.com/theme/aranoz/img/post/xpreview.png.pagespeed.ic.k5btB9V1Aa.jpg]
[preview.colorlib.com/theme/aranoz/img/post/xnext.png.pagespeed.ic.o6bzS5c3_p.jpg]
[preview.colorlib.com/theme/aranoz/img/blog/author.png]
[preview.colorlib.com/theme/aranoz/img/comment/comment_1.png]
[preview.colorlib.com/theme/aranoz/img/comment/comment_2.png]
[preview.colorlib.com/theme/aranoz/img/comment/comment_3.png]
[preview.colorlib.com/theme/aranoz/img/post/xpost_1.png.pagespeed.ic.VhSDC65MTC.jpg]
[preview.colorlib.com/theme/aranoz/img/post/xpost_2.png.pagespeed.ic.5NDzxSnIUw.jpg]
[preview.colorlib.com/theme/aranoz/img/post/xpost_3.png.pagespeed.ic.epUGhxWTdA.jpg]
[preview.colorlib.com/theme/aranoz/img/post/xpost_4.png.pagespeed.ic.hgkXn01NWF.jpg]
[preview.colorlib.com/theme/aranoz/single-blog.html]
[preview.colorlib.com/theme/aranoz/contact.html]
[preview.colorlib.com/theme/aranoz/css/owl.video.play.png]
[preview.colorlib.com/theme/aranoz/webfonts/fa-brands-400.svg]
[preview.colorlib.com/theme/aranoz/webfonts/fa-regular-400.svg]
[preview.colorlib.com/theme/aranoz/webfonts/fa-solid-900.svg]
[preview.colorlib.com/theme/aranoz/fonts/Flaticon.html]
[preview.colorlib.com/theme/aranoz/css/Flaticon.html]
[preview.colorlib.com/theme/aranoz/fonts/themify9f24.svg]
[preview.colorlib.com/theme/aranoz/css/A.bootstrap.min.css+animate.css+owl.carousel.min.css+all.css+flaticon.css+themify-icons.css+magnific-popup.css+slick.css,Mcc.dmdW2yxl94.css.pagespeed.cf.NTwSLh0HTm.52.delaye]
[preview.colorlib.com/theme/aranoz/css/bootstrap.min.css+animate.css+owl.carousel.min.css+nice-select.css+all.css+flaticon.css+themify-icons.css+magnific-popup.css+slick.css+price_rangs.css.pagespeed.cc.meWtd1eaC]
[preview.colorlib.com/theme/aranoz/css/bootstrap.min.css+animate.css+owl.carousel.min.css+lightslider.min.css+all.css+flaticon.css+themify-icons.css+magnific-popup.css.pagespeed.cc.eQx-GvsxhO.css]
[preview.colorlib.com/theme/aranoz/css/A.bootstrap.min.css+animate.css+owl.carousel.min.css+nice-select.css+all.css+flaticon.css+themify-icons.css+magnific-popup.css+slick.css+price_rangs.css,Mcc.meWtd1eaC7.css.p]
[preview.colorlib.com/theme/aranoz/css/bootstrap.min.css+animate.css+owl.carousel.min.css+all.css+flaticon.css+themify-icons.css+nice-select.css+magnific-popup.css+slick.css.pagespeed.cc.WAjs_urC90.css]
[preview.colorlib.com/theme/aranoz/css/owl.video.play.png]
[static.cloudflareinsights.com/beacon.min.js]
[preview.colorlib.com/theme/aranoz/img/controls.png]
[preview.colorlib.com/theme/aranoz/img/controls.png]
